// Jest Snapshot v1, https://goo.gl/fbAQLP

exports[`Should render Loader correctly 1`] = `
<section
  className="sc-bdfBQB fguEFV"
>
  <img
    alt="Loader"
    className="sc-gsTEea hxkLSY"
    src="logo-01.png"
  />
</section>
`;
